[land/index.html]
[land/css/bootstrap-reboot.min.css]
[land/css/bootstrap-grid.min.css]
[land/css/blueimp-gallery.min.css]
[land/css/magnific-popup.css]
[land/css/select2.min.css]
[land/css/splide.min.css]
[land/css/main.css]
[land/icon/favicon-32x32.png]
[backblue.gif]
[fade.gif]
[index.html]
[land/index-2.html]
[land/index2.html]
[land/aggregator.html]
[land/ranking.html]
[land/game.html]
[land/add.html]
[land/staking.html]
[land/leaderboard.html]
[land/about.html]
[land/blog.html]
[land/blog2.html]
[land/article.html]
[land/faq.html]
[land/gallery.html]
[land/contacts.html]
[land/signin.html]
[land/signup.html]
[land/forgot.html]
[land/privacy.html]
[land/img/sponsors/logo1.svg]
[land/img/sponsors/logo3.svg]
[land/img/flags/spain.svg]
[land/img/wallet/metamask.svg]
[land/img/wallet/walletconnect.svg]
[land/img/wallet/myetherwallet.svg]
[land/js/jquery-3.6.0.min.js]
[land/js/bootstrap.bundle.min.js]
[land/js/smooth-scrollbar.js]
[land/js/blueimp-gallery.min.js]
[land/js/jquery.magnific-popup.min.js]
[land/js/select2.min.js]
[land/js/splide.min.js]
[land/js/chart.js]
[land/js/vanta.cells.min.js]
[land/js/three.min.js]
[land/index.html]
[land/css/bootstrap-reboot.min.css]
[land/css/bootstrap-grid.min.css]
[land/js/main.js]
[land/img/loading.svg]
[land/css/blueimp-gallery.min.css]
[land/css/magnific-popup.css]
[land/css/select2.min.css]
[land/css/splide.min.css]
[land/css/main.css]
[land/index-2.html]
[land/img/logo.svg]
[land/img/games/3.png]
[land/img/blockchain/3.png]
[land/img/blockchain/5.png]
[land/img/games/1.png]
[land/img/blockchain/1.png]
[land/img/blockchain/2.png]
[land/img/games/2.png]
[land/img/blockchain/4.png]
[land/img/games/4.png]
[land/img/blockchain/6.png]
[land/img/games/5.png]
[land/img/blockchain/7.png]
[land/img/games/6.png]
[land/img/posts/1.jpg]
[land/img/posts/2.jpg]
[land/img/posts/3.jpg]
[land/img/posts/4.jpg]
[land/img/posts/5.jpg]
[land/index2.html]
[land/img/games/7.png]
[land/img/games/8.png]
[land/img/games/9.png]
[land/img/games/10.png]
[land/img/games/11.png]
[land/img/games/12.png]
[land/aggregator.html]
[land/ranking.html]
[land/img/games/1-1-big.png]
[land/img/games/1-2-big.png]
[land/img/games/1-3-big.png]
[land/img/games/1-4-big.png]
[land/img/games/1-1.png]
[land/img/games/1-2.png]
[land/img/games/1-3.png]
[land/img/games/1-4.png]
[land/game.html]
[land/add.html]
[land/staking.html]
[land/leaderboard.html]
[land/img/team/1.jpg]
[land/img/team/2.jpg]
[land/img/team/3.jpg]
[land/img/team/4.jpg]
[land/img/team/5.jpg]
[land/img/team/6.jpg]
[land/img/team/7.jpg]
[land/img/team/8.jpg]
[land/img/avatars/avatar.jpg]
[land/img/avatars/avatar2.jpg]
[land/img/avatars/avatar3.jpg]
[land/img/avatars/avatar4.jpg]
[land/img/avatars/avatar5.jpg]
[land/about.html]
[land/img/posts/6.jpg]
[land/blog.html]
[land/blog2.html]
[land/img/posts/article.jpg]
[land/article.html]
[land/faq.html]
[land/img/gallery/1.jpg]
[land/img/gallery/2.jpg]
[land/img/gallery/3.jpg]
[land/img/gallery/4.jpg]
[land/img/gallery/5.jpg]
[land/img/gallery/6.jpg]
[land/img/gallery/7.jpg]
[land/img/gallery/8.jpg]
[land/gallery.html]
[land/contacts.html]
[land/signin.html]
[land/signup.html]
[land/forgot.html]
[land/404.html]
[land/privacy.html]
[land/img/sponsors/logo1.svg]
[land/img/sponsors/logo2.svg]
[land/img/sponsors/logo3.svg]
[land/img/sponsors/logo4.svg]
[land/img/sponsors/logo5.svg]
[land/img/sponsors/logo6.svg]
[land/img/sponsors/logo7.svg]
[land/img/sponsors/logo8.svg]
[land/img/flags/uk.svg]
[land/img/flags/spain.svg]
[land/img/flags/france.svg]
[land/img/flags/china.svg]
[land/img/wallet/metamask.svg]
[land/img/wallet/coinbase.svg]
[land/img/wallet/walletconnect.svg]
[land/img/wallet/myetherwallet.svg]
[land/img/wallet/fortmatic.svg]
[land/img/loading.html]
[land/img/loading.svg]
[land/img/error.html]
[land/img/error.svg]
[land/img/prev.html]
[land/img/next.html]
[land/img/prev.svg]
[land/img/next.svg]
[land/img/close.html]
[land/img/close.svg]
[land/img/play-pause.html]
[land/img/play-pause-2.html]
[land/img/video-play.html]
[land/img/video-play.svg]
[land/img/arrow.svg]
[land/img/breadcrumb.svg]
[land/img/form/link.svg]
[land/img/select.svg]
[land/img/form/img.svg]
[land/img/play.svg]
[land/img/pause.svg]
